[ftplay.top/dmca.html]
[ftplay.top/t.src]
[backblue.gif]
[fade.gif]
[index.html]
[ftplay.top/wp-content/plugins/wp-show-posts/css/wp-show-posts-min3ec8.css]
[ftplay.top/wp-content/themes/hello-elementor/style.min6e0e.css]
[ftplay.top/wp-content/themes/hello-elementor/theme.min6e0e.css]
[ftplay.top/wp-content/themes/hello-elementor/header-footer.min6e0e.css]
[ftplay.top/wp-content/plugins/elementor/assets/css/frontend-lite.minf3b2.css]
[ftplay.top/wp-content/cache/autoptimize/css/autoptimize_single_bca1e7b105282d6f046b851d80bd4d561cc4.css]
[ftplay.top/feed/index.html]
[ftplay.top/comments/feed/index.html]
[ftplay.top/wp-content/uploads/omgf/plugins/elementor/assets/lib/swiper/v8/css/swiper.min4d22.css]
[ftplay.top/wp-content/plugins/elementor-pro/assets/css/frontend-lite.min1ac1.css]
[ftplay.top/wp-content/cache/autoptimize/css/autoptimize_single_1a2232179a49279422374040b2490a1c1cc4.css]
[ftplay.top/wp-content/cache/autoptimize/css/autoptimize_single_0becbddc76ab0430601ce288327b84a36e86.css]
[ftplay.top/wp-content/plugins/wp-rocket/assets/img/youtube.png]
[ftplay.top/wp-content/cache/autoptimize/css/autoptimize_single_151eeedf768c824df78e17d3fa6f275a493a.css]
[ftplay.top/wp-includes/js/jquery/jquery.minf43b.js]
[ftplay.top/wp-includes/js/jquery/jquery-migrate.min5589.js]
[ftplay.top/wp-json/wp/v2/pages/600.json]
[ftplay.top/wp-json/index.html]
[ftplay.top/xmlrpc0db0.php]
[ftplay.top/wp-json/oembed/1.0/embed8991.json]
[ftplay.top/wp-json/oembed/1.0/embed14eb]
[ftplay.top/wp-content/uploads/2024/01/cropped-Camada-1-1-32x32.png]
[ftplay.top/wp-content/uploads/2024/01/cropped-Camada-1-1-192x192.png]
[ftplay.top/wp-content/uploads/2024/01/cropped-Camada-1-1-180x180.png]
[ftplay.top/wp-content/uploads/2024/01/tv.png]
[ftplay.top/wp-content/plugins/wp-content-copy-protector/images/warning.png]
[ftplay.top/wp-content/themes/hello-elementor/assets/js/hello-frontend.min6e0e.js]
[ftplay.top/index.html]
[ftplay.top/wp-content/plugins/mousewheel-smooth-scroll/js/SmoothScroll.mincc1a.js]
[ftplay.top/wp-content/cache/autoptimize/js/autoptimize_single_12c857147f85781daf5761b8fabfec0c7868.js]
[ftplay.top/wp-content/plugins/elementor-pro/assets/js/webpack-pro.runtime.min1ac1.js]
[ftplay.top/wp-content/plugins/elementor/assets/js/webpack.runtime.minf3b2.js]
[ftplay.top/wp-content/plugins/elementor/assets/js/frontend-modules.minf3b2.js]
[ftplay.top/wp-includes/js/dist/vendor/wp-polyfill-inert.min0226.js]
[ftplay.top/wp-includes/js/dist/vendor/regenerator-runtime.min6c85.js]
[ftplay.top/wp-includes/js/dist/vendor/wp-polyfill.min2c7c.js]
[ftplay.top/wp-includes/js/dist/hooks.min2ebd.js]
[ftplay.top/wp-includes/js/dist/i18n.minf92f.js]
[ftplay.top/wp-content/plugins/elementor-pro/assets/js/frontend.min1ac1.js]
[ftplay.top/wp-content/plugins/elementor/assets/lib/waypoints/waypoints.min05da.js]
[ftplay.top/wp-includes/js/jquery/ui/core.min3f14.js]
[ftplay.top/wp-content/plugins/elementor/assets/js/frontend.minf3b2.js]
[ftplay.top/wp-content/plugins/elementor-pro/assets/js/elements-handlers.min1ac1.js]
[ftplay.top/wp-content/plugins/elementor-pro/assets/lib/sticky/jquery.sticky.min1ac1.js]
[ftplay.top/dmca.html]
[ftplay.top/wp-content/plugins/wp-rocket/assets/js/lazyload/17.5/lazyload.min.js]
[ftplay.top/t.html]
[ftplay.top/wp-content/plugins/wp-show-posts/css/wp-show-posts-min3ec8.css]
[ftplay.top/wp-content/themes/hello-elementor/style.min6e0e.css]
[ftplay.top/wp-content/themes/hello-elementor/theme.min6e0e.css]
[ftplay.top/wp-content/themes/hello-elementor/header-footer.min6e0e.css]
[ftplay.top/wp-content/plugins/elementor/assets/css/frontend-lite.minf3b2.css]
[ftplay.top/wp-content/cache/autoptimize/css/autoptimize_single_bca1e7b105282d6f046b851d80bd4d561cc4.css]
[ftplay.top/wp-content/uploads/omgf/plugins/elementor/assets/lib/swiper/v8/css/swiper.min4d22.css]
[ftplay.top/wp-content/plugins/elementor-pro/assets/css/frontend-lite.min1ac1.css]
[ftplay.top/wp-content/cache/autoptimize/css/autoptimize_single_1a2232179a49279422374040b2490a1c1cc4.css]
[ftplay.top/wp-content/cache/autoptimize/css/autoptimize_single_0becbddc76ab0430601ce288327b84a36e86.css]
[ftplay.top/wp-content/cache/autoptimize/css/autoptimize_single_151eeedf768c824df78e17d3fa6f275a493a.css]
[ftplay.top/wp-includes/js/jquery/jquery.minf43b.js]
[ftplay.top/wp-includes/js/jquery/jquery-migrate.min5589.js]
[ftplay.top/index2b8b.html]
[ftplay.top/wp-content/cache/autoptimize/css/autoptimize_single_1bc7bd44d54c5d8a3ee93ae73792dda6803d.css]
[ftplay.top/dmca/index.html]
[ftplay.top/wp-json/wp/v2/pages/472.json]
[ftplay.top/wp-json/oembed/1.0/embed5b57.json]
[ftplay.top/wp-json/oembed/1.0/embed0b34]
[ftplay.top/wp-content/uploads/2024/06/logo-iptv-ftplay.png]
[ftplay.top/renovacao.html]
[ftplay.top/wp-content/uploads/2024/01/Agrupar-3-1.png]
[ftplay.top/wp-content/uploads/2024/06/IPTV-iPhone-1-633x1024.webp]
[ftplay.top/wp-content/uploads/2024/06/iPhone-2-IPTV-868x1024.webp]
[ftplay.top/wp-content/uploads/2024/01/Elipse-1-copiar.png]
[ftplay.top/wp-content/uploads/2024/01/Amazon_Prime_Video_logo.svg_.png]
[ftplay.top/wp-content/uploads/2024/01/BBB20_Pay_per_view.png]
[ftplay.top/wp-content/uploads/2024/01/Camada-1.png]
[ftplay.top/wp-content/uploads/2024/01/Combate_logo.svg_.png]
[ftplay.top/wp-content/uploads/2024/01/ESPN-Logo.png]
[ftplay.top/wp-content/uploads/2024/01/HBO_Max_Logo.svg_.png]
[ftplay.top/wp-content/uploads/2024/01/Logo_A_Fazenda_-_Atual.png]
[ftplay.top/wp-content/uploads/2024/01/logo-telecine-horizontal-1024.png]
[ftplay.top/wp-content/uploads/2024/01/ESPN-Logo-copiar-1.png]
[ftplay.top/wp-content/uploads/2024/06/TELA-01-FTPLAY.png]
[ftplay.top/wp-content/uploads/2024/01/Agrupar-3.png]
[ftplay.top/wp-content/uploads/2024/02/ftp.png]
[ftplay.top/wp-content/uploads/2024/01/Agrupar-4.png]
[ftplay.top/wp-content/uploads/2024/01/shield-plus-2.png]
[ftplay.top/wp-content/uploads/2024/01/carteira-1.png]
[ftplay.top/wp-content/uploads/2024/01/fone-de-ouvido-do-usuario-1.png]
[ftplay.top/wp-content/uploads/2024/01/bort-1024x538.png]
[ftplay.top/wp-content/uploads/2024/06/computador-teste-iptv.png]
[ftplay.top/wp-content/uploads/2024/06/avaliacoes-iptv.png]
[ftplay.top/wp-content/uploads/2024/06/otimos-canais-iptv-avaliacao.png]
[ftplay.top/wp-content/uploads/2024/06/avaliacoes-iptv-1.png]
[ftplay.top/wp-content/uploads/2024/06/otimos-canais-iptv-avaliacao-1.png]
[ftplay.top/wp-content/uploads/2024/06/avaliacoes-iptv-2.png]
[ftplay.top/wp-content/uploads/2024/06/otimos-canais-iptv-avaliacao-2.png]
[ftplay.top/wp-content/uploads/2024/06/avaliacoes-iptv-3.png]
[ftplay.top/wp-content/uploads/2024/06/otimos-canais-iptv-avaliacao-3.png]
[ftplay.top/wp-content/uploads/2024/06/avaliacoes-iptv-4.png]
[ftplay.top/wp-content/uploads/elementor/thumbs/2063c84ff01b0321e2741a64d4f9e898_icon-1-qvr7rt6olkp1f025s7a7ckftrljo4ci988t3f293v4.png]
[ftplay.top/wp-content/uploads/elementor/thumbs/ssiptv-player-iptv-1-qvr7sus86y4ibejjonja4ay9j0eco8nipewim4pcy8.webp]
[ftplay.top/wp-content/uploads/elementor/thumbs/4ff891b9ee9493f6b1dcc3a046751fa6_icon-qvr7rv2cz8rm27zfh83ghjyqydaejqppwi42dm6bio.png]
[ftplay.top/wp-content/uploads/elementor/thumbs/unnamed-2-qvr7sxlqrg8da8fg86r5ts8nb60gbbyppsuz1yl6fk.png]
[ftplay.top/wp-content/uploads/elementor/thumbs/duplecast-app-iptv-1-qvr7so7cv3vi24t3r2ow4um1dbas6cxecic496z45s.webp]
[ftplay.top/wp-content/uploads/elementor/thumbs/2168507950-removebg-preview1-qvr7rv2cz8rm27zfh83ghjyqydaejqppwi42dm6bio.png]
[ftplay.top/wp-content/uploads/elementor/thumbs/duplexplay-player-iptv-1-qvr7so7cv3vi24t3r2ow4um1dbas6cxecic496z45s.webp]
[ftplay.top/wp-content/uploads/elementor/thumbs/2063c84ff01b0321e2741a64d4f9e898_icon-qvr7ru4iseqbqm0smpotx27aczf1c1lzkdgkwc7pow.png]
[ftplay.top/wp-content/uploads/elementor/thumbs/4ff891b9ee9493f6b1dcc3a046751fa6_icon-1-qvr7rv2cz8rm27zfh83ghjyqydaejqppwi42dm6bio.png]
[ftplay.top/wp-content/uploads/elementor/thumbs/ssiptv-player-iptv-qvr7sus86y4ibejjonja4ay9j0eco8nipewim4pcy8.webp]
[ftplay.top/wp-content/uploads/elementor/thumbs/duplexplay-player-iptv-qvr7so7cv3vi24t3r2ow4um1dbas6cxecic496z45s.webp]
[ftplay.top/wp-content/cache/autoptimize/css/autoptimize_single_6618775054f0546830c57af5636f9cda493a.css]
[ftplay.top/wp-content/plugins/elementor/assets/lib/animations/animations.minf3b2.css]
[ftplay.top/index.html]
[ftplay.top/wp-content/themes/hello-elementor/assets/js/hello-frontend.min6e0e.js]
[ftplay.top/wp-content/uploads/wpmss/wpmssab.min1d06.js]
[ftplay.top/wp-content/plugins/mousewheel-smooth-scroll/js/SmoothScroll.mincc1a.js]
[ftplay.top/wp-content/uploads/wpmss/wpmss.min1d06.js]
[ftplay.top/wp-content/cache/autoptimize/js/autoptimize_single_12c857147f85781daf5761b8fabfec0c7868.js]
[ftplay.top/wp-content/plugins/elementor-pro/assets/js/webpack-pro.runtime.min1ac1.js]
[ftplay.top/wp-content/plugins/elementor/assets/js/webpack.runtime.minf3b2.js]
[ftplay.top/wp-content/plugins/elementor/assets/js/frontend-modules.minf3b2.js]
[ftplay.top/wp-includes/js/dist/vendor/wp-polyfill-inert.min0226.js]
[ftplay.top/wp-includes/js/dist/vendor/regenerator-runtime.min6c85.js]
[ftplay.top/wp-includes/js/dist/vendor/wp-polyfill.min2c7c.js]
[ftplay.top/wp-includes/js/dist/hooks.min2ebd.js]
[ftplay.top/wp-includes/js/dist/i18n.minf92f.js]
[ftplay.top/wp-content/plugins/elementor-pro/assets/js/frontend.min1ac1.js]
[ftplay.top/wp-content/plugins/elementor/assets/lib/waypoints/waypoints.min05da.js]
[ftplay.top/wp-includes/js/jquery/ui/core.min3f14.js]
[ftplay.top/-negative.svg]
[ftplay.top/wp-content/plugins/elementor/assets/js/frontend.minf3b2.js]
[ftplay.top/wp-content/plugins/elementor-pro/assets/js/elements-handlers.min1ac1.js]
[ftplay.top/wp-content/plugins/elementor-pro/assets/lib/sticky/jquery.sticky.min1ac1.js]
[ftplay.top/wp-content/plugins/wp-rocket/assets/js/lazyload/17.5/lazyload.min.js]
[ftplay.top/OPR/index.html]
[ftplay.top/dmca/t.61.delayed]
[ftplay.top/dmca/index.html]
[ftplay.top/wp-content/cache/autoptimize/css/autoptimize_single_1bc7bd44d54c5d8a3ee93ae73792dda6803d.css]
[ftplay.top/wp-content/cache/autoptimize/css/autoptimize_single_7a009e610074c24f1d4cac28889d93f78924.css]
[ftplay.top/renovacao/index.html]
[ftplay.top/wp-json/wp/v2/pages/495.json]
[ftplay.top/wp-json/oembed/1.0/embed8f4d.json]
[ftplay.top/wp-json/oembed/1.0/embedbe10]
[ftplay.top/wp-content/uploads/2024/01/01-copiar-2-1.png]
[ftplay.top/wp-content/uploads/2024/01/02-copiar-5.png]
[ftplay.top/wp-content/uploads/2024/01/01-copiar-2-2.png]
[ftplay.top/wp-content/uploads/2024/01/02-copiar-6.png]
[ftplay.top/wp-content/uploads/2024/01/01-copiar-2-3.png]
[ftplay.top/wp-content/uploads/2024/01/02-copiar-7.png]
[ftplay.top/wp-content/uploads/2024/01/01-copiar-2-4.png]
[ftplay.top/wp-content/uploads/2024/01/02-copiar-8.png]
[ftplay.top/wp-content/uploads/2024/01/01-copiar-2-5.png]
[ftplay.top/wp-content/uploads/2024/01/02-copiar-9.png]
[ftplay.top/wp-content/uploads/2024/01/01-copiar-2-6.png]
[ftplay.top/wp-content/uploads/2024/01/02-copiar-10.png]
[ftplay.top/renovacao.html]
[ftplay.top/wp-content/cache/autoptimize/css/autoptimize_single_6618775054f0546830c57af5636f9cda493a.css]
[ftplay.top/wp-content/plugins/elementor/assets/lib/animations/animations.minf3b2.css]
[ftplay.top/-negative.html]
[ftplay.top/OPR/index.html]
[ftplay.top/dmca/t.html]
[ftplay.top/renovacao/t.src]
[ftplay.top/renovacao/index.html]
[ftplay.top/wp-content/cache/autoptimize/css/autoptimize_single_7a009e610074c24f1d4cac28889d93f78924.css]
[ftplay.top/index28bc.html]
[ftplay.top/renovacao/t.html]
